4 5 6 9 8 7
4 .... 5 .... 6 .... 9 .... 8 .... 7
4 @@ 5 @@ 6 @@ 9 @@ 8 @@ 7
vector.hpp is correct.
