1 2 5; 4 6 8
1 2 5 # 4 6 8
1 @ 2 @ 5 # 4 @ 6 @ 8
1 @ 2 @ 5 # 4 @ 6 @ 8
matrix.hpp is correct.
